<k>
    <generatedTop>
        GeneratedFreshVar1:Bag
        <k>
            #noparse ~> GeneratedFreshVar0:K
        </k>
    </generatedTop>
</k>
