<k>
    MyListItem ( 1 ) , MyListItem ( true )
</k>
