<k>
    MyListItem ( 4080218932 ) , MyListItem ( false )
</k>
