<k>
    MyListItem ( 2040109466 ) , MyListItem ( false )
</k>
