<k>
    MyListItem ( -2 ) , MyListItem ( true )
</k>
