<k>
    MyListItem ( 1073741824 ) , MyListItem ( true )
</k>
