<k>
    <generatedTop>
        <k>
            #noparse ~> GeneratedAnonVar1:K
        </k>
        GeneratedAnonVar0:Bag
    </generatedTop>
</k>
